---
source: crates/stepflow-main/tests/commands/test_run.rs
info:
  program: stepflow
  args:
    - "--log-file=/dev/null"
    - "--omit-stack-trace"
    - run
    - "--flow=tests/builtins/blob_test.yaml"
    - "--config=tests/builtins/stepflow-config.yml"
    - "--input-json={\"data\": \"hello\"}"
---
success: true
exit_code: 0
----- stdout -----
üìä Validation results: 0 fatal, 0 errors, 6 warnings

‚ö†Ô∏è  Warnings:
  WARN Workflow has no name defined (name)
  WARN Workflow has no description defined (description)
  WARN Field access '$.data' on step 'workflow_input' cannot be validated: no input schema available (steps.0.input.data)
  WARN Field access '$.blob_id' on step 'put_blob' cannot be validated: no output schema available (steps.1.input.blob_id)
  WARN Field access '$.blob_id' on step 'put_blob' cannot be validated: no output schema available (output.blob_id)
  WARN Field access '$.data' on step 'get_blob' cannot be validated: no output schema available (output.retrieved_data)
{"outcome":"success","result":{"blob_id":"5aa762ae383fbb727af3c7a36d4940a5b8c40a989452d2304fc958ff3f354e7a","retrieved_data":"hello"}}
----- stderr -----
