---
source: crates/stepflow-main/tests/commands/test_submit.rs
info:
  program: stepflow
  args:
    - "--log-file=/dev/null"
    - "--omit-stack-trace"
    - submit
    - "--url=http://localhost:9999"
    - "--flow=nonexistent.yaml"
    - "--input-json={}"
---
success: false
exit_code: 1
----- stdout -----

----- stderr -----
Missing file: nonexistent.yaml
