---
source: crates/stepflow-main/tests/commands/test_test.rs
info:
  program: stepflow
  args:
    - "--log-file=/dev/null"
    - "--omit-stack-trace"
    - test
    - "--help"
---
success: true
exit_code: 0
----- stdout -----
Run tests defined in workflow files or directories.

Run test cases defined in workflow files.

# Examples

```bash

# Run all tests in a workflow file

stepflow test examples/basic/workflow.yaml

# Run tests in a directory

stepflow test examples/

# Run specific test case

stepflow test workflow.yaml --case=calculate_with_8_and_5

# Run multiple specific test cases

stepflow test workflow.yaml --case=test1 --case=test2

# Update expected outputs (snapshot testing)

stepflow test workflow.yaml --update

# Show detailed diff on test failures

stepflow test workflow.yaml --diff

```

Usage: stepflow test [OPTIONS] [PATH]...

Arguments:
  [PATH]...
          Paths to workflow files or directories containing tests

Options:
      --config <FILE>
          The path to the stepflow config file.
          
          If not specified, will look for `stepflow-config.yml` in the directory containing the workflow file. If that isn't found, will also look in the current directory.

      --log-level <LEVEL>
          Set the log level for Stepflow
          
          [default: info]
          [possible values: trace, debug, info, warn, error]

      --case <NAME>
          Run only specific test case(s) by name. Can be repeated

      --other-log-level <LEVEL>
          Set the log level for other parts of Stepflow
          
          [default: warn]
          [possible values: trace, debug, info, warn, error]

      --log-file <FILE>
          Write logs to a file instead of stderr

      --update
          Update expected outputs with actual outputs from test runs

      --diff
          Show diff when tests fail

      --omit-stack-trace
          Omit stack traces (line numbers of errors)

  -h, --help
          Print help (see a summary with '-h')

----- stderr -----
